<html>
<body>
<pre>
<h1>µVision Build Log</h1>
<h2>Project:</h2>
C:\Keil\Labware\Lab16_IoT\getWeather.uvproj
Project File Date:  05/26/2021

<h2>Output:</h2>
Build target 'getWeather'
compiling main.c...
linking...
Program Size: Code=13900 RO-data=1812 RW-data=56 ZI-data=19512  
After Build - User command #1: fromelf --bin --output .\rvmdk\cc31000_starter.bin .\rvmdk\cc31000_starter.axf
".\rvmdk\getWeather.axf" - 0 Error(s), 0 Warning(s).
Load "C:\\Keil\\Labware\\Lab16_IoT\\rvmdk\\getWeather.axf" 
Connecting: Mode=JTAG, Speed=1000000Hz
Erase Done.
Programming Done.
Verify OK.
</pre>
</body>
</html>
dBuff,REQUEST); 
main.c(726): error:  #7: unrecognized token
      strcpy(appData.SendBuff,REQUEST); 
main.c(726): error:  #7: unrecognized token
      strcpy(appData.SendBuff,REQUEST); 
main.c(726): error:  #7: unrecognized token
      strcpy(appData.SendBuff,REQUEST); 
main.c(726): error:  #7: unrecognized token
      strcpy(appData.SendBuff,REQUEST); 
main.c: 0 warnings, 9 errors
".\rvmdk\getWeather.axf" - 9 Error(s), 0 Warning(s).
Target not created
